
Circuit 1 cell sky130_fd_pr__pfet_01v8 and Circuit 2 cell sky130_fd_pr__pfet_01v8 are black boxes.
Warning: Equate pins:  cell sky130_fd_pr__pfet_01v8 is a placeholder, treated as a black box.
Warning: Equate pins:  cell sky130_fd_pr__pfet_01v8 is a placeholder, treated as a black box.

Subcircuit pins:
Circuit 1: sky130_fd_pr__pfet_01v8         |Circuit 2: sky130_fd_pr__pfet_01v8         
-------------------------------------------|-------------------------------------------
1                                          |1                                          
2                                          |2                                          
3                                          |3                                          
4                                          |4                                          
---------------------------------------------------------------------------------------
Cell pin lists are equivalent.
Device classes sky130_fd_pr__pfet_01v8 and sky130_fd_pr__pfet_01v8 are equivalent.

Circuit 1 cell sky130_fd_pr__pfet_01v8_lvt and Circuit 2 cell sky130_fd_pr__pfet_01v8_lvt are black boxes.
Warning: Equate pins:  cell sky130_fd_pr__pfet_01v8_lvt is a placeholder, treated as a black box.
Warning: Equate pins:  cell sky130_fd_pr__pfet_01v8_lvt is a placeholder, treated as a black box.

Subcircuit pins:
Circuit 1: sky130_fd_pr__pfet_01v8_lvt     |Circuit 2: sky130_fd_pr__pfet_01v8_lvt     
-------------------------------------------|-------------------------------------------
1                                          |1                                          
2                                          |2                                          
3                                          |3                                          
4                                          |4                                          
---------------------------------------------------------------------------------------
Cell pin lists are equivalent.
Device classes sky130_fd_pr__pfet_01v8_lvt and sky130_fd_pr__pfet_01v8_lvt are equivalent.
Flattening unmatched subcell sky130_fd_pr__pfet_01v8_CQGWXL in circuit input_current_bank (0)(1 instance)
Flattening unmatched subcell sky130_fd_pr__pfet_01v8_lvt_Y5YEVR in circuit input_current_bank (0)(5 instances)
Flattening unmatched subcell sky130_fd_pr__pfet_01v8_8SGQ8J in circuit input_current_bank (0)(2 instances)
Flattening unmatched subcell sky130_fd_pr__pfet_01v8_5ZWTQG in circuit input_current_bank (0)(1 instance)
Flattening unmatched subcell sky130_fd_pr__pfet_01v8_E3M74M in circuit input_current_bank (0)(1 instance)

Class input_current_bank (0):  Merged 1 parallel devices.
Subcircuit summary:
Circuit 1: input_current_bank              |Circuit 2: input_current_bank              
-------------------------------------------|-------------------------------------------
sky130_fd_pr__pfet_01v8 (6->5)             |sky130_fd_pr__pfet_01v8 (6->5)             
sky130_fd_pr__pfet_01v8_lvt (5)            |sky130_fd_pr__pfet_01v8_lvt (5)            
Number of devices: 10                      |Number of devices: 10                      
Number of nets: 13                         |Number of nets: 13                         
---------------------------------------------------------------------------------------
Resolving symmetries by property value.
Resolving symmetries by pin name.
Netlists match uniquely.

Subcircuit pins:
Circuit 1: input_current_bank              |Circuit 2: input_current_bank              
-------------------------------------------|-------------------------------------------
IN5                                        |IN5                                        
IN4                                        |IN4                                        
IN3                                        |IN3                                        
IN2                                        |IN2                                        
IN1                                        |IN1                                        
VBP_REF1N                                  |VBP_REF1N                                  
V_STIM                                     |V_STIM                                     
VCC                                        |VCC                                        
---------------------------------------------------------------------------------------
Cell pin lists are equivalent.
Device classes input_current_bank and input_current_bank are equivalent.

Final result: Circuits match uniquely.
.
